// Jest Snapshot v1, https://goo.gl/fbAQLP

exports[`Testing Main screen renders correctly 1`] = `
ShallowWrapper {
  Symbol(enzyme.__root__): [Circular],
  Symbol(enzyme.__unrendered__): <SettingScreen
    clearActions={[Function]}
    dispatch={[Function]}
    duration={1000}
    getActions={[Function]}
    getState={[Function]}
    navigation={
      Object {
        "navigate": [MockFunction],
      }
    }
    receive={false}
    replaceReducer={[Function]}
    store={
      Object {
        "clearActions": [Function],
        "dispatch": [Function],
        "getActions": [Function],
        "getState": [Function],
        "replaceReducer": [Function],
        "subscribe": [Function],
      }
    }
    storeSubscription={
      Subscription {
        "listeners": Object {
          "clear": [Function],
          "get": [Function],
          "notify": [Function],
          "subscribe": [Function],
        },
        "onStateChange": [Function],
        "parentSub": undefined,
        "store": Object {
          "clearActions": [Function],
          "dispatch": [Function],
          "getActions": [Function],
          "getState": [Function],
          "replaceReducer": [Function],
          "subscribe": [Function],
        },
        "unsubscribe": [Function],
      }
    }
    subscribe={[Function]}
  />,
  Symbol(enzyme.__renderer__): Object {
    "batchedUpdates": [Function],
    "getNode": [Function],
    "render": [Function],
    "simulateEvent": [Function],
    "unmount": [Function],
  },
  Symbol(enzyme.__node__): Object {
    "instance": null,
    "key": undefined,
    "nodeType": "class",
    "props": Object {
      "children": Array [
        <Component
          style={
            Object {
              "alignItems": "center",
              "backgroundColor": "whitesmoke",
              "flex": 0.05,
              "flexDirection": "row",
              "paddingLeft": 10,
              "paddingTop": 30,
            }
          }
        >
          <Text
            accessible={true}
            allowFontScaling={true}
            ellipsizeMode="tail"
            style={
              Object {
                "color": "gray",
              }
            }
          >
            GENERAL
          </Text>
        </Component>,
        <Component
          style={
            Object {
              "alignItems": "center",
              "backgroundColor": "mintcream",
              "flex": 0.1,
              "flexDirection": "row",
              "height": 70,
              "marginBottom": 2,
            }
          }
        >
          <Component
            style={
              Object {
                "flex": 3,
                "flexDirection": "row",
                "justifyContent": "flex-start",
                "paddingLeft": 10,
              }
            }
          >
            <Text
              accessible={true}
              allowFontScaling={true}
              ellipsizeMode="tail"
              style={
                Object {
                  "paddingTop": 5,
                }
              }
            >
              Enable waypoint updates
            </Text>
          </Component>
          <Component
            style={
              Object {
                "flex": 1,
                "flexDirection": "row",
                "justifyContent": "flex-end",
                "paddingRight": 10,
              }
            }
          >
            <Switch
              disabled={false}
              onValueChange={[Function]}
              value={true}
            />
          </Component>
        </Component>,
        <TouchableOpacity
          activeOpacity={0.2}
          onPress={[Function]}
          style={
            Object {
              "alignItems": "center",
              "backgroundColor": "mintcream",
              "flex": 0.1,
              "flexDirection": "row",
              "height": 70,
              "marginBottom": 2,
            }
          }
        >
          <Component
            style={
              Object {
                "flex": 3,
                "flexDirection": "row",
                "justifyContent": "flex-start",
                "paddingLeft": 10,
              }
            }
          >
            <Text
              accessible={true}
              allowFontScaling={true}
              ellipsizeMode="tail"
              style={
                Object {
                  "paddingTop": 5,
                }
              }
            >
              Language settings
            </Text>
          </Component>
          <Component
            style={
              Object {
                "flex": 1,
                "flexDirection": "row",
                "justifyContent": "flex-end",
                "paddingRight": 10,
              }
            }
          >
            <UNDEFINED
              color="gray"
              name="angle-right"
              size={28}
            />
          </Component>
        </TouchableOpacity>,
      ],
      "style": Object {
        "backgroundColor": "whitesmoke",
        "flex": 1,
        "flexDirection": "column",
      },
    },
    "ref": null,
    "rendered": Array [
      Object {
        "instance": null,
        "key": undefined,
        "nodeType": "class",
        "props": Object {
          "children": <Text
            accessible={true}
            allowFontScaling={true}
            ellipsizeMode="tail"
            style={
              Object {
                "color": "gray",
              }
            }
          >
            GENERAL
          </Text>,
          "style": Object {
            "alignItems": "center",
            "backgroundColor": "whitesmoke",
            "flex": 0.05,
            "flexDirection": "row",
            "paddingLeft": 10,
            "paddingTop": 30,
          },
        },
        "ref": null,
        "rendered": Object {
          "instance": null,
          "key": undefined,
          "nodeType": "class",
          "props": Object {
            "accessible": true,
            "allowFontScaling": true,
            "children": "GENERAL",
            "ellipsizeMode": "tail",
            "style": Object {
              "color": "gray",
            },
          },
          "ref": null,
          "rendered": "GENERAL",
          "type": [Function],
        },
        "type": [Function],
      },
      Object {
        "instance": null,
        "key": undefined,
        "nodeType": "class",
        "props": Object {
          "children": Array [
            <Component
              style={
                Object {
                  "flex": 3,
                  "flexDirection": "row",
                  "justifyContent": "flex-start",
                  "paddingLeft": 10,
                }
              }
            >
              <Text
                accessible={true}
                allowFontScaling={true}
                ellipsizeMode="tail"
                style={
                  Object {
                    "paddingTop": 5,
                  }
                }
              >
                Enable waypoint updates
              </Text>
            </Component>,
            <Component
              style={
                Object {
                  "flex": 1,
                  "flexDirection": "row",
                  "justifyContent": "flex-end",
                  "paddingRight": 10,
                }
              }
            >
              <Switch
                disabled={false}
                onValueChange={[Function]}
                value={true}
              />
            </Component>,
          ],
          "style": Object {
            "alignItems": "center",
            "backgroundColor": "mintcream",
            "flex": 0.1,
            "flexDirection": "row",
            "height": 70,
            "marginBottom": 2,
          },
        },
        "ref": null,
        "rendered": Array [
          Object {
            "instance": null,
            "key": undefined,
            "nodeType": "class",
            "props": Object {
              "children": <Text
                accessible={true}
                allowFontScaling={true}
                ellipsizeMode="tail"
                style={
                  Object {
                    "paddingTop": 5,
                  }
                }
              >
                Enable waypoint updates
              </Text>,
              "style": Object {
                "flex": 3,
                "flexDirection": "row",
                "justifyContent": "flex-start",
                "paddingLeft": 10,
              },
            },
            "ref": null,
            "rendered": Object {
              "instance": null,
              "key": undefined,
              "nodeType": "class",
              "props": Object {
                "accessible": true,
                "allowFontScaling": true,
                "children": "Enable waypoint updates",
                "ellipsizeMode": "tail",
                "style": Object {
                  "paddingTop": 5,
                },
              },
              "ref": null,
              "rendered": "Enable waypoint updates",
              "type": [Function],
            },
            "type": [Function],
          },
          Object {
            "instance": null,
            "key": undefined,
            "nodeType": "class",
            "props": Object {
              "children": <Switch
                disabled={false}
                onValueChange={[Function]}
                value={true}
              />,
              "style": Object {
                "flex": 1,
                "flexDirection": "row",
                "justifyContent": "flex-end",
                "paddingRight": 10,
              },
            },
            "ref": null,
            "rendered": Object {
              "instance": null,
              "key": "waypointSwitch",
              "nodeType": "class",
              "props": Object {
                "disabled": false,
                "onValueChange": [Function],
                "value": true,
              },
              "ref": null,
              "rendered": null,
              "type": [Function],
            },
            "type": [Function],
          },
        ],
        "type": [Function],
      },
      Object {
        "instance": null,
        "key": "language",
        "nodeType": "class",
        "props": Object {
          "activeOpacity": 0.2,
          "children": Array [
            <Component
              style={
                Object {
                  "flex": 3,
                  "flexDirection": "row",
                  "justifyContent": "flex-start",
                  "paddingLeft": 10,
                }
              }
            >
              <Text
                accessible={true}
                allowFontScaling={true}
                ellipsizeMode="tail"
                style={
                  Object {
                    "paddingTop": 5,
                  }
                }
              >
                Language settings
              </Text>
            </Component>,
            <Component
              style={
                Object {
                  "flex": 1,
                  "flexDirection": "row",
                  "justifyContent": "flex-end",
                  "paddingRight": 10,
                }
              }
            >
              <UNDEFINED
                color="gray"
                name="angle-right"
                size={28}
              />
            </Component>,
          ],
          "onPress": [Function],
          "style": Object {
            "alignItems": "center",
            "backgroundColor": "mintcream",
            "flex": 0.1,
            "flexDirection": "row",
            "height": 70,
            "marginBottom": 2,
          },
        },
        "ref": null,
        "rendered": Array [
          Object {
            "instance": null,
            "key": undefined,
            "nodeType": "class",
            "props": Object {
              "children": <Text
                accessible={true}
                allowFontScaling={true}
                ellipsizeMode="tail"
                style={
                  Object {
                    "paddingTop": 5,
                  }
                }
              >
                Language settings
              </Text>,
              "style": Object {
                "flex": 3,
                "flexDirection": "row",
                "justifyContent": "flex-start",
                "paddingLeft": 10,
              },
            },
            "ref": null,
            "rendered": Object {
              "instance": null,
              "key": undefined,
              "nodeType": "class",
              "props": Object {
                "accessible": true,
                "allowFontScaling": true,
                "children": "Language settings",
                "ellipsizeMode": "tail",
                "style": Object {
                  "paddingTop": 5,
                },
              },
              "ref": null,
              "rendered": "Language settings",
              "type": [Function],
            },
            "type": [Function],
          },
          Object {
            "instance": null,
            "key": undefined,
            "nodeType": "class",
            "props": Object {
              "children": <UNDEFINED
                color="gray"
                name="angle-right"
                size={28}
              />,
              "style": Object {
                "flex": 1,
                "flexDirection": "row",
                "justifyContent": "flex-end",
                "paddingRight": 10,
              },
            },
            "ref": null,
            "rendered": Object {
              "instance": null,
              "key": undefined,
              "nodeType": "function",
              "props": Object {
                "color": "gray",
                "name": "angle-right",
                "size": 28,
              },
              "ref": null,
              "rendered": null,
              "type": Object {},
            },
            "type": [Function],
          },
        ],
        "type": [Function],
      },
    ],
    "type": [Function],
  },
  Symbol(enzyme.__nodes__): Array [
    Object {
      "instance": null,
      "key": undefined,
      "nodeType": "class",
      "props": Object {
        "children": Array [
          <Component
            style={
              Object {
                "alignItems": "center",
                "backgroundColor": "whitesmoke",
                "flex": 0.05,
                "flexDirection": "row",
                "paddingLeft": 10,
                "paddingTop": 30,
              }
            }
          >
            <Text
              accessible={true}
              allowFontScaling={true}
              ellipsizeMode="tail"
              style={
                Object {
                  "color": "gray",
                }
              }
            >
              GENERAL
            </Text>
          </Component>,
          <Component
            style={
              Object {
                "alignItems": "center",
                "backgroundColor": "mintcream",
                "flex": 0.1,
                "flexDirection": "row",
                "height": 70,
                "marginBottom": 2,
              }
            }
          >
            <Component
              style={
                Object {
                  "flex": 3,
                  "flexDirection": "row",
                  "justifyContent": "flex-start",
                  "paddingLeft": 10,
                }
              }
            >
              <Text
                accessible={true}
                allowFontScaling={true}
                ellipsizeMode="tail"
                style={
                  Object {
                    "paddingTop": 5,
                  }
                }
              >
                Enable waypoint updates
              </Text>
            </Component>
            <Component
              style={
                Object {
                  "flex": 1,
                  "flexDirection": "row",
                  "justifyContent": "flex-end",
                  "paddingRight": 10,
                }
              }
            >
              <Switch
                disabled={false}
                onValueChange={[Function]}
                value={true}
              />
            </Component>
          </Component>,
          <TouchableOpacity
            activeOpacity={0.2}
            onPress={[Function]}
            style={
              Object {
                "alignItems": "center",
                "backgroundColor": "mintcream",
                "flex": 0.1,
                "flexDirection": "row",
                "height": 70,
                "marginBottom": 2,
              }
            }
          >
            <Component
              style={
                Object {
                  "flex": 3,
                  "flexDirection": "row",
                  "justifyContent": "flex-start",
                  "paddingLeft": 10,
                }
              }
            >
              <Text
                accessible={true}
                allowFontScaling={true}
                ellipsizeMode="tail"
                style={
                  Object {
                    "paddingTop": 5,
                  }
                }
              >
                Language settings
              </Text>
            </Component>
            <Component
              style={
                Object {
                  "flex": 1,
                  "flexDirection": "row",
                  "justifyContent": "flex-end",
                  "paddingRight": 10,
                }
              }
            >
              <UNDEFINED
                color="gray"
                name="angle-right"
                size={28}
              />
            </Component>
          </TouchableOpacity>,
        ],
        "style": Object {
          "backgroundColor": "whitesmoke",
          "flex": 1,
          "flexDirection": "column",
        },
      },
      "ref": null,
      "rendered": Array [
        Object {
          "instance": null,
          "key": undefined,
          "nodeType": "class",
          "props": Object {
            "children": <Text
              accessible={true}
              allowFontScaling={true}
              ellipsizeMode="tail"
              style={
                Object {
                  "color": "gray",
                }
              }
            >
              GENERAL
            </Text>,
            "style": Object {
              "alignItems": "center",
              "backgroundColor": "whitesmoke",
              "flex": 0.05,
              "flexDirection": "row",
              "paddingLeft": 10,
              "paddingTop": 30,
            },
          },
          "ref": null,
          "rendered": Object {
            "instance": null,
            "key": undefined,
            "nodeType": "class",
            "props": Object {
              "accessible": true,
              "allowFontScaling": true,
              "children": "GENERAL",
              "ellipsizeMode": "tail",
              "style": Object {
                "color": "gray",
              },
            },
            "ref": null,
            "rendered": "GENERAL",
            "type": [Function],
          },
          "type": [Function],
        },
        Object {
          "instance": null,
          "key": undefined,
          "nodeType": "class",
          "props": Object {
            "children": Array [
              <Component
                style={
                  Object {
                    "flex": 3,
                    "flexDirection": "row",
                    "justifyContent": "flex-start",
                    "paddingLeft": 10,
                  }
                }
              >
                <Text
                  accessible={true}
                  allowFontScaling={true}
                  ellipsizeMode="tail"
                  style={
                    Object {
                      "paddingTop": 5,
                    }
                  }
                >
                  Enable waypoint updates
                </Text>
              </Component>,
              <Component
                style={
                  Object {
                    "flex": 1,
                    "flexDirection": "row",
                    "justifyContent": "flex-end",
                    "paddingRight": 10,
                  }
                }
              >
                <Switch
                  disabled={false}
                  onValueChange={[Function]}
                  value={true}
                />
              </Component>,
            ],
            "style": Object {
              "alignItems": "center",
              "backgroundColor": "mintcream",
              "flex": 0.1,
              "flexDirection": "row",
              "height": 70,
              "marginBottom": 2,
            },
          },
          "ref": null,
          "rendered": Array [
            Object {
              "instance": null,
              "key": undefined,
              "nodeType": "class",
              "props": Object {
                "children": <Text
                  accessible={true}
                  allowFontScaling={true}
                  ellipsizeMode="tail"
                  style={
                    Object {
                      "paddingTop": 5,
                    }
                  }
                >
                  Enable waypoint updates
                </Text>,
                "style": Object {
                  "flex": 3,
                  "flexDirection": "row",
                  "justifyContent": "flex-start",
                  "paddingLeft": 10,
                },
              },
              "ref": null,
              "rendered": Object {
                "instance": null,
                "key": undefined,
                "nodeType": "class",
                "props": Object {
                  "accessible": true,
                  "allowFontScaling": true,
                  "children": "Enable waypoint updates",
                  "ellipsizeMode": "tail",
                  "style": Object {
                    "paddingTop": 5,
                  },
                },
                "ref": null,
                "rendered": "Enable waypoint updates",
                "type": [Function],
              },
              "type": [Function],
            },
            Object {
              "instance": null,
              "key": undefined,
              "nodeType": "class",
              "props": Object {
                "children": <Switch
                  disabled={false}
                  onValueChange={[Function]}
                  value={true}
                />,
                "style": Object {
                  "flex": 1,
                  "flexDirection": "row",
                  "justifyContent": "flex-end",
                  "paddingRight": 10,
                },
              },
              "ref": null,
              "rendered": Object {
                "instance": null,
                "key": "waypointSwitch",
                "nodeType": "class",
                "props": Object {
                  "disabled": false,
                  "onValueChange": [Function],
                  "value": true,
                },
                "ref": null,
                "rendered": null,
                "type": [Function],
              },
              "type": [Function],
            },
          ],
          "type": [Function],
        },
        Object {
          "instance": null,
          "key": "language",
          "nodeType": "class",
          "props": Object {
            "activeOpacity": 0.2,
            "children": Array [
              <Component
                style={
                  Object {
                    "flex": 3,
                    "flexDirection": "row",
                    "justifyContent": "flex-start",
                    "paddingLeft": 10,
                  }
                }
              >
                <Text
                  accessible={true}
                  allowFontScaling={true}
                  ellipsizeMode="tail"
                  style={
                    Object {
                      "paddingTop": 5,
                    }
                  }
                >
                  Language settings
                </Text>
              </Component>,
              <Component
                style={
                  Object {
                    "flex": 1,
                    "flexDirection": "row",
                    "justifyContent": "flex-end",
                    "paddingRight": 10,
                  }
                }
              >
                <UNDEFINED
                  color="gray"
                  name="angle-right"
                  size={28}
                />
              </Component>,
            ],
            "onPress": [Function],
            "style": Object {
              "alignItems": "center",
              "backgroundColor": "mintcream",
              "flex": 0.1,
              "flexDirection": "row",
              "height": 70,
              "marginBottom": 2,
            },
          },
          "ref": null,
          "rendered": Array [
            Object {
              "instance": null,
              "key": undefined,
              "nodeType": "class",
              "props": Object {
                "children": <Text
                  accessible={true}
                  allowFontScaling={true}
                  ellipsizeMode="tail"
                  style={
                    Object {
                      "paddingTop": 5,
                    }
                  }
                >
                  Language settings
                </Text>,
                "style": Object {
                  "flex": 3,
                  "flexDirection": "row",
                  "justifyContent": "flex-start",
                  "paddingLeft": 10,
                },
              },
              "ref": null,
              "rendered": Object {
                "instance": null,
                "key": undefined,
                "nodeType": "class",
                "props": Object {
                  "accessible": true,
                  "allowFontScaling": true,
                  "children": "Language settings",
                  "ellipsizeMode": "tail",
                  "style": Object {
                    "paddingTop": 5,
                  },
                },
                "ref": null,
                "rendered": "Language settings",
                "type": [Function],
              },
              "type": [Function],
            },
            Object {
              "instance": null,
              "key": undefined,
              "nodeType": "class",
              "props": Object {
                "children": <UNDEFINED
                  color="gray"
                  name="angle-right"
                  size={28}
                />,
                "style": Object {
                  "flex": 1,
                  "flexDirection": "row",
                  "justifyContent": "flex-end",
                  "paddingRight": 10,
                },
              },
              "ref": null,
              "rendered": Object {
                "instance": null,
                "key": undefined,
                "nodeType": "function",
                "props": Object {
                  "color": "gray",
                  "name": "angle-right",
                  "size": 28,
                },
                "ref": null,
                "rendered": null,
                "type": Object {},
              },
              "type": [Function],
            },
          ],
          "type": [Function],
        },
      ],
      "type": [Function],
    },
  ],
  Symbol(enzyme.__options__): Object {
    "adapter": ReactSixteenAdapter {
      "options": Object {
        "enableComponentDidUpdateOnSetState": true,
      },
    },
    "attachTo": undefined,
    "hydrateIn": undefined,
    "lifecycleExperimental": true,
  },
}
`;
