// Jest Snapshot v1, https://goo.gl/fbAQLP

exports[`Testing EditedItem component renders correctly 1`] = `
ShallowWrapper {
  Symbol(enzyme.__root__): [Circular],
  Symbol(enzyme.__unrendered__): <EditedItem
    onEdit={[MockFunction]}
    selectedPosition={
      Object {
        "fishType": "perch",
        "title": "Marker",
      }
    }
  />,
  Symbol(enzyme.__renderer__): Object {
    "batchedUpdates": [Function],
    "getNode": [Function],
    "render": [Function],
    "simulateEvent": [Function],
    "unmount": [Function],
  },
  Symbol(enzyme.__node__): Object {
    "instance": null,
    "key": undefined,
    "nodeType": "class",
    "props": Object {
      "children": Array [
        <TouchableOpacity
          activeOpacity={0.2}
          onPress={[Function]}
          style={
            Object {
              "alignItems": "center",
              "backgroundColor": "mintcream",
              "flex": 0.1,
              "flexDirection": "row",
              "height": 70,
              "marginBottom": 2,
            }
          }
        >
          <Component
            style={
              Object {
                "flex": 3,
                "flexDirection": "row",
                "justifyContent": "flex-start",
                "paddingLeft": 10,
              }
            }
          >
            <Text
              accessible={true}
              allowFontScaling={true}
              ellipsizeMode="tail"
              style={
                Object {
                  "display": "flex",
                  "flex": 1,
                  "paddingTop": 5,
                }
              }
            >
              Name:
            </Text>
            <Text
              accessible={true}
              allowFontScaling={true}
              ellipsizeMode="tail"
              style={
                Object {
                  "display": "flex",
                  "flex": 4,
                  "paddingTop": 5,
                }
              }
            >
              Marker
            </Text>
          </Component>
        </TouchableOpacity>,
        <TouchableOpacity
          activeOpacity={0.2}
          onPress={[Function]}
          style={
            Object {
              "alignItems": "center",
              "backgroundColor": "mintcream",
              "flex": 0.1,
              "flexDirection": "row",
              "height": 70,
              "marginBottom": 2,
            }
          }
        >
          <Component
            style={
              Object {
                "flex": 3,
                "flexDirection": "row",
                "justifyContent": "flex-start",
                "paddingLeft": 10,
              }
            }
          >
            <Text
              accessible={true}
              allowFontScaling={true}
              ellipsizeMode="tail"
              style={
                Object {
                  "display": "flex",
                  "flex": 1,
                  "paddingTop": 5,
                }
              }
            >
              Fish type:
            </Text>
            <Text
              accessible={true}
              allowFontScaling={true}
              ellipsizeMode="tail"
              style={
                Object {
                  "display": "flex",
                  "flex": 4,
                  "paddingTop": 5,
                }
              }
            >
              perch
            </Text>
          </Component>
        </TouchableOpacity>,
      ],
      "style": Object {
        "backgroundColor": "whitesmoke",
        "flex": 1,
        "flexDirection": "column",
      },
    },
    "ref": null,
    "rendered": Array [
      Object {
        "instance": null,
        "key": undefined,
        "nodeType": "class",
        "props": Object {
          "activeOpacity": 0.2,
          "children": <Component
            style={
              Object {
                "flex": 3,
                "flexDirection": "row",
                "justifyContent": "flex-start",
                "paddingLeft": 10,
              }
            }
          >
            <Text
              accessible={true}
              allowFontScaling={true}
              ellipsizeMode="tail"
              style={
                Object {
                  "display": "flex",
                  "flex": 1,
                  "paddingTop": 5,
                }
              }
            >
              Name:
            </Text>
            <Text
              accessible={true}
              allowFontScaling={true}
              ellipsizeMode="tail"
              style={
                Object {
                  "display": "flex",
                  "flex": 4,
                  "paddingTop": 5,
                }
              }
            >
              Marker
            </Text>
          </Component>,
          "onPress": [Function],
          "style": Object {
            "alignItems": "center",
            "backgroundColor": "mintcream",
            "flex": 0.1,
            "flexDirection": "row",
            "height": 70,
            "marginBottom": 2,
          },
        },
        "ref": null,
        "rendered": Object {
          "instance": null,
          "key": undefined,
          "nodeType": "class",
          "props": Object {
            "children": Array [
              <Text
                accessible={true}
                allowFontScaling={true}
                ellipsizeMode="tail"
                style={
                  Object {
                    "display": "flex",
                    "flex": 1,
                    "paddingTop": 5,
                  }
                }
              >
                Name:
              </Text>,
              <Text
                accessible={true}
                allowFontScaling={true}
                ellipsizeMode="tail"
                style={
                  Object {
                    "display": "flex",
                    "flex": 4,
                    "paddingTop": 5,
                  }
                }
              >
                Marker
              </Text>,
            ],
            "style": Object {
              "flex": 3,
              "flexDirection": "row",
              "justifyContent": "flex-start",
              "paddingLeft": 10,
            },
          },
          "ref": null,
          "rendered": Array [
            Object {
              "instance": null,
              "key": undefined,
              "nodeType": "class",
              "props": Object {
                "accessible": true,
                "allowFontScaling": true,
                "children": "Name:",
                "ellipsizeMode": "tail",
                "style": Object {
                  "display": "flex",
                  "flex": 1,
                  "paddingTop": 5,
                },
              },
              "ref": null,
              "rendered": "Name:",
              "type": [Function],
            },
            Object {
              "instance": null,
              "key": undefined,
              "nodeType": "class",
              "props": Object {
                "accessible": true,
                "allowFontScaling": true,
                "children": "Marker",
                "ellipsizeMode": "tail",
                "style": Object {
                  "display": "flex",
                  "flex": 4,
                  "paddingTop": 5,
                },
              },
              "ref": null,
              "rendered": "Marker",
              "type": [Function],
            },
          ],
          "type": [Function],
        },
        "type": [Function],
      },
      Object {
        "instance": null,
        "key": undefined,
        "nodeType": "class",
        "props": Object {
          "activeOpacity": 0.2,
          "children": <Component
            style={
              Object {
                "flex": 3,
                "flexDirection": "row",
                "justifyContent": "flex-start",
                "paddingLeft": 10,
              }
            }
          >
            <Text
              accessible={true}
              allowFontScaling={true}
              ellipsizeMode="tail"
              style={
                Object {
                  "display": "flex",
                  "flex": 1,
                  "paddingTop": 5,
                }
              }
            >
              Fish type:
            </Text>
            <Text
              accessible={true}
              allowFontScaling={true}
              ellipsizeMode="tail"
              style={
                Object {
                  "display": "flex",
                  "flex": 4,
                  "paddingTop": 5,
                }
              }
            >
              perch
            </Text>
          </Component>,
          "onPress": [Function],
          "style": Object {
            "alignItems": "center",
            "backgroundColor": "mintcream",
            "flex": 0.1,
            "flexDirection": "row",
            "height": 70,
            "marginBottom": 2,
          },
        },
        "ref": null,
        "rendered": Object {
          "instance": null,
          "key": undefined,
          "nodeType": "class",
          "props": Object {
            "children": Array [
              <Text
                accessible={true}
                allowFontScaling={true}
                ellipsizeMode="tail"
                style={
                  Object {
                    "display": "flex",
                    "flex": 1,
                    "paddingTop": 5,
                  }
                }
              >
                Fish type:
              </Text>,
              <Text
                accessible={true}
                allowFontScaling={true}
                ellipsizeMode="tail"
                style={
                  Object {
                    "display": "flex",
                    "flex": 4,
                    "paddingTop": 5,
                  }
                }
              >
                perch
              </Text>,
            ],
            "style": Object {
              "flex": 3,
              "flexDirection": "row",
              "justifyContent": "flex-start",
              "paddingLeft": 10,
            },
          },
          "ref": null,
          "rendered": Array [
            Object {
              "instance": null,
              "key": undefined,
              "nodeType": "class",
              "props": Object {
                "accessible": true,
                "allowFontScaling": true,
                "children": "Fish type:",
                "ellipsizeMode": "tail",
                "style": Object {
                  "display": "flex",
                  "flex": 1,
                  "paddingTop": 5,
                },
              },
              "ref": null,
              "rendered": "Fish type:",
              "type": [Function],
            },
            Object {
              "instance": null,
              "key": undefined,
              "nodeType": "class",
              "props": Object {
                "accessible": true,
                "allowFontScaling": true,
                "children": "perch",
                "ellipsizeMode": "tail",
                "style": Object {
                  "display": "flex",
                  "flex": 4,
                  "paddingTop": 5,
                },
              },
              "ref": null,
              "rendered": "perch",
              "type": [Function],
            },
          ],
          "type": [Function],
        },
        "type": [Function],
      },
    ],
    "type": [Function],
  },
  Symbol(enzyme.__nodes__): Array [
    Object {
      "instance": null,
      "key": undefined,
      "nodeType": "class",
      "props": Object {
        "children": Array [
          <TouchableOpacity
            activeOpacity={0.2}
            onPress={[Function]}
            style={
              Object {
                "alignItems": "center",
                "backgroundColor": "mintcream",
                "flex": 0.1,
                "flexDirection": "row",
                "height": 70,
                "marginBottom": 2,
              }
            }
          >
            <Component
              style={
                Object {
                  "flex": 3,
                  "flexDirection": "row",
                  "justifyContent": "flex-start",
                  "paddingLeft": 10,
                }
              }
            >
              <Text
                accessible={true}
                allowFontScaling={true}
                ellipsizeMode="tail"
                style={
                  Object {
                    "display": "flex",
                    "flex": 1,
                    "paddingTop": 5,
                  }
                }
              >
                Name:
              </Text>
              <Text
                accessible={true}
                allowFontScaling={true}
                ellipsizeMode="tail"
                style={
                  Object {
                    "display": "flex",
                    "flex": 4,
                    "paddingTop": 5,
                  }
                }
              >
                Marker
              </Text>
            </Component>
          </TouchableOpacity>,
          <TouchableOpacity
            activeOpacity={0.2}
            onPress={[Function]}
            style={
              Object {
                "alignItems": "center",
                "backgroundColor": "mintcream",
                "flex": 0.1,
                "flexDirection": "row",
                "height": 70,
                "marginBottom": 2,
              }
            }
          >
            <Component
              style={
                Object {
                  "flex": 3,
                  "flexDirection": "row",
                  "justifyContent": "flex-start",
                  "paddingLeft": 10,
                }
              }
            >
              <Text
                accessible={true}
                allowFontScaling={true}
                ellipsizeMode="tail"
                style={
                  Object {
                    "display": "flex",
                    "flex": 1,
                    "paddingTop": 5,
                  }
                }
              >
                Fish type:
              </Text>
              <Text
                accessible={true}
                allowFontScaling={true}
                ellipsizeMode="tail"
                style={
                  Object {
                    "display": "flex",
                    "flex": 4,
                    "paddingTop": 5,
                  }
                }
              >
                perch
              </Text>
            </Component>
          </TouchableOpacity>,
        ],
        "style": Object {
          "backgroundColor": "whitesmoke",
          "flex": 1,
          "flexDirection": "column",
        },
      },
      "ref": null,
      "rendered": Array [
        Object {
          "instance": null,
          "key": undefined,
          "nodeType": "class",
          "props": Object {
            "activeOpacity": 0.2,
            "children": <Component
              style={
                Object {
                  "flex": 3,
                  "flexDirection": "row",
                  "justifyContent": "flex-start",
                  "paddingLeft": 10,
                }
              }
            >
              <Text
                accessible={true}
                allowFontScaling={true}
                ellipsizeMode="tail"
                style={
                  Object {
                    "display": "flex",
                    "flex": 1,
                    "paddingTop": 5,
                  }
                }
              >
                Name:
              </Text>
              <Text
                accessible={true}
                allowFontScaling={true}
                ellipsizeMode="tail"
                style={
                  Object {
                    "display": "flex",
                    "flex": 4,
                    "paddingTop": 5,
                  }
                }
              >
                Marker
              </Text>
            </Component>,
            "onPress": [Function],
            "style": Object {
              "alignItems": "center",
              "backgroundColor": "mintcream",
              "flex": 0.1,
              "flexDirection": "row",
              "height": 70,
              "marginBottom": 2,
            },
          },
          "ref": null,
          "rendered": Object {
            "instance": null,
            "key": undefined,
            "nodeType": "class",
            "props": Object {
              "children": Array [
                <Text
                  accessible={true}
                  allowFontScaling={true}
                  ellipsizeMode="tail"
                  style={
                    Object {
                      "display": "flex",
                      "flex": 1,
                      "paddingTop": 5,
                    }
                  }
                >
                  Name:
                </Text>,
                <Text
                  accessible={true}
                  allowFontScaling={true}
                  ellipsizeMode="tail"
                  style={
                    Object {
                      "display": "flex",
                      "flex": 4,
                      "paddingTop": 5,
                    }
                  }
                >
                  Marker
                </Text>,
              ],
              "style": Object {
                "flex": 3,
                "flexDirection": "row",
                "justifyContent": "flex-start",
                "paddingLeft": 10,
              },
            },
            "ref": null,
            "rendered": Array [
              Object {
                "instance": null,
                "key": undefined,
                "nodeType": "class",
                "props": Object {
                  "accessible": true,
                  "allowFontScaling": true,
                  "children": "Name:",
                  "ellipsizeMode": "tail",
                  "style": Object {
                    "display": "flex",
                    "flex": 1,
                    "paddingTop": 5,
                  },
                },
                "ref": null,
                "rendered": "Name:",
                "type": [Function],
              },
              Object {
                "instance": null,
                "key": undefined,
                "nodeType": "class",
                "props": Object {
                  "accessible": true,
                  "allowFontScaling": true,
                  "children": "Marker",
                  "ellipsizeMode": "tail",
                  "style": Object {
                    "display": "flex",
                    "flex": 4,
                    "paddingTop": 5,
                  },
                },
                "ref": null,
                "rendered": "Marker",
                "type": [Function],
              },
            ],
            "type": [Function],
          },
          "type": [Function],
        },
        Object {
          "instance": null,
          "key": undefined,
          "nodeType": "class",
          "props": Object {
            "activeOpacity": 0.2,
            "children": <Component
              style={
                Object {
                  "flex": 3,
                  "flexDirection": "row",
                  "justifyContent": "flex-start",
                  "paddingLeft": 10,
                }
              }
            >
              <Text
                accessible={true}
                allowFontScaling={true}
                ellipsizeMode="tail"
                style={
                  Object {
                    "display": "flex",
                    "flex": 1,
                    "paddingTop": 5,
                  }
                }
              >
                Fish type:
              </Text>
              <Text
                accessible={true}
                allowFontScaling={true}
                ellipsizeMode="tail"
                style={
                  Object {
                    "display": "flex",
                    "flex": 4,
                    "paddingTop": 5,
                  }
                }
              >
                perch
              </Text>
            </Component>,
            "onPress": [Function],
            "style": Object {
              "alignItems": "center",
              "backgroundColor": "mintcream",
              "flex": 0.1,
              "flexDirection": "row",
              "height": 70,
              "marginBottom": 2,
            },
          },
          "ref": null,
          "rendered": Object {
            "instance": null,
            "key": undefined,
            "nodeType": "class",
            "props": Object {
              "children": Array [
                <Text
                  accessible={true}
                  allowFontScaling={true}
                  ellipsizeMode="tail"
                  style={
                    Object {
                      "display": "flex",
                      "flex": 1,
                      "paddingTop": 5,
                    }
                  }
                >
                  Fish type:
                </Text>,
                <Text
                  accessible={true}
                  allowFontScaling={true}
                  ellipsizeMode="tail"
                  style={
                    Object {
                      "display": "flex",
                      "flex": 4,
                      "paddingTop": 5,
                    }
                  }
                >
                  perch
                </Text>,
              ],
              "style": Object {
                "flex": 3,
                "flexDirection": "row",
                "justifyContent": "flex-start",
                "paddingLeft": 10,
              },
            },
            "ref": null,
            "rendered": Array [
              Object {
                "instance": null,
                "key": undefined,
                "nodeType": "class",
                "props": Object {
                  "accessible": true,
                  "allowFontScaling": true,
                  "children": "Fish type:",
                  "ellipsizeMode": "tail",
                  "style": Object {
                    "display": "flex",
                    "flex": 1,
                    "paddingTop": 5,
                  },
                },
                "ref": null,
                "rendered": "Fish type:",
                "type": [Function],
              },
              Object {
                "instance": null,
                "key": undefined,
                "nodeType": "class",
                "props": Object {
                  "accessible": true,
                  "allowFontScaling": true,
                  "children": "perch",
                  "ellipsizeMode": "tail",
                  "style": Object {
                    "display": "flex",
                    "flex": 4,
                    "paddingTop": 5,
                  },
                },
                "ref": null,
                "rendered": "perch",
                "type": [Function],
              },
            ],
            "type": [Function],
          },
          "type": [Function],
        },
      ],
      "type": [Function],
    },
  ],
  Symbol(enzyme.__options__): Object {
    "adapter": ReactSixteenAdapter {
      "options": Object {
        "enableComponentDidUpdateOnSetState": true,
      },
    },
    "attachTo": undefined,
    "hydrateIn": undefined,
  },
}
`;
