// Jest Snapshot v1, https://goo.gl/fbAQLP

exports[`Testing FishMarker component renders correctly 1`] = `
ShallowWrapper {
  Symbol(enzyme.__root__): [Circular],
  Symbol(enzyme.__unrendered__): <FishMarker
    marker={
      Object {
        "latitude": 54.475408,
        "longitude": 18.263086,
      }
    }
  />,
  Symbol(enzyme.__renderer__): Object {
    "batchedUpdates": [Function],
    "getNode": [Function],
    "render": [Function],
    "simulateEvent": [Function],
    "unmount": [Function],
  },
  Symbol(enzyme.__node__): Object {
    "instance": null,
    "key": undefined,
    "nodeType": "class",
    "props": Object {
      "children": <Image
        source={
          Object {
            "testUri": "../../../src/assets/perch.png",
          }
        }
        style={
          Object {
            "height": 20,
            "width": 20,
          }
        }
      />,
      "coordinate": Object {
        "latitude": 54.475408,
        "longitude": 18.263086,
      },
      "identifier": undefined,
      "onPress": [Function],
      "title": undefined,
    },
    "ref": null,
    "rendered": Object {
      "instance": null,
      "key": undefined,
      "nodeType": "class",
      "props": Object {
        "source": Object {
          "testUri": "../../../src/assets/perch.png",
        },
        "style": Object {
          "height": 20,
          "width": 20,
        },
      },
      "ref": null,
      "rendered": null,
      "type": [Function],
    },
    "type": [Function],
  },
  Symbol(enzyme.__nodes__): Array [
    Object {
      "instance": null,
      "key": undefined,
      "nodeType": "class",
      "props": Object {
        "children": <Image
          source={
            Object {
              "testUri": "../../../src/assets/perch.png",
            }
          }
          style={
            Object {
              "height": 20,
              "width": 20,
            }
          }
        />,
        "coordinate": Object {
          "latitude": 54.475408,
          "longitude": 18.263086,
        },
        "identifier": undefined,
        "onPress": [Function],
        "title": undefined,
      },
      "ref": null,
      "rendered": Object {
        "instance": null,
        "key": undefined,
        "nodeType": "class",
        "props": Object {
          "source": Object {
            "testUri": "../../../src/assets/perch.png",
          },
          "style": Object {
            "height": 20,
            "width": 20,
          },
        },
        "ref": null,
        "rendered": null,
        "type": [Function],
      },
      "type": [Function],
    },
  ],
  Symbol(enzyme.__options__): Object {
    "adapter": ReactSixteenAdapter {
      "options": Object {
        "enableComponentDidUpdateOnSetState": true,
      },
    },
    "attachTo": undefined,
    "hydrateIn": undefined,
  },
}
`;
